// Jest Snapshot v1, https://goo.gl/fbAQLP

exports[`Syntax tree renders correctly 1`] = `
<div
  style={
    Object {
      "alignItems": "center",
      "display": "flex",
      "flexDirection": "column",
      "position": "relative",
    }
  }
>
  <div
    style={
      Object {
        "display": "flex",
        "flexDirection": "row",
        "fontSize": "15px",
      }
    }
  >
    <p
      style={
        Object {
          "paddingRight": "15px",
        }
      }
    >
      Graphical Tree View
    </p>
    <div
      className="ui fitted toggle checkbox"
      onChange={[Function]}
      onClick={[Function]}
      onMouseDown={[Function]}
    >
      <input
        checked={false}
        className="hidden"
        onClick={[Function]}
        readOnly={true}
        tabIndex={0}
        type="radio"
      />
      <label />
    </div>
  </div>
  <div
    style={
      Object {
        "alignItems": "center",
        "display": "flex",
        "flexDirection": "column",
        "position": "relative",
      }
    }
  >
    <div
      className="ui inverted dimmer"
      onClick={[Function]}
    >
      <div
        className="content"
      >
        <div
          className="ui medium text loader"
        >
          Loading
        </div>
      </div>
    </div>
  </div>
</div>
`;
